[debug] [2026-05-20T14:28:36.930Z] ----------------------------------------------------------------------
[debug] [2026-05-20T14:28:36.933Z] Command:       /usr/local/bin/node /home/puesto2021/.npm/_npx/7750544ccf494d8b/node_modules/.bin/firebase deploy --only firestore --project gen-lang-client-0384172144 --debug
[debug] [2026-05-20T14:28:36.933Z] CLI Version:   15.18.0
[debug] [2026-05-20T14:28:36.933Z] Platform:      linux
[debug] [2026-05-20T14:28:36.933Z] Node Version:  v20.0.0
[debug] [2026-05-20T14:28:36.933Z] Time:          Wed May 20 2026 15:28:36 GMT+0100 (hora de verano de Europa occidental)
[debug] [2026-05-20T14:28:36.934Z] ----------------------------------------------------------------------
[debug] 
[debug] [2026-05-20T14:28:38.051Z] > command requires scopes: ["email","openid","https://www.googleapis.com/auth/cloudplatformprojects.readonly","https://www.googleapis.com/auth/firebase","https://www.googleapis.com/auth/cloud-platform"]
[debug] [2026-05-20T14:28:38.052Z] > authorizing via signed-in user (bchlino6@gmail.com)
[debug] [2026-05-20T14:28:38.052Z] [iam] checking project gen-lang-client-0384172144 for permissions ["datastore.indexes.create","datastore.indexes.delete","datastore.indexes.list","datastore.indexes.update","firebase.projects.get"]
[debug] [2026-05-20T14:28:38.054Z] Checked if tokens are valid: true, expires at: 1779290213807
[debug] [2026-05-20T14:28:38.054Z] Checked if tokens are valid: true, expires at: 1779290213807
[debug] [2026-05-20T14:28:38.055Z] >>> [apiv2][query] POST https://cloudresourcemanager.googleapis.com/v1/projects/gen-lang-client-0384172144:testIamPermissions [none]
[debug] [2026-05-20T14:28:38.055Z] >>> [apiv2][(partial)header] POST https://cloudresourcemanager.googleapis.com/v1/projects/gen-lang-client-0384172144:testIamPermissions  x-goog-user-project=gen-lang-client-0384172144
[debug] [2026-05-20T14:28:38.055Z] >>> [apiv2][body] POST https://cloudresourcemanager.googleapis.com/v1/projects/gen-lang-client-0384172144:testIamPermissions {"permissions":["datastore.indexes.create","datastore.indexes.delete","datastore.indexes.list","datastore.indexes.update","firebase.projects.get"]}
[debug] [2026-05-20T14:28:38.955Z] <<< [apiv2][status] POST https://cloudresourcemanager.googleapis.com/v1/projects/gen-lang-client-0384172144:testIamPermissions 200
[debug] [2026-05-20T14:28:38.955Z] <<< [apiv2][body] POST https://cloudresourcemanager.googleapis.com/v1/projects/gen-lang-client-0384172144:testIamPermissions {"permissions":["datastore.indexes.create","datastore.indexes.delete","datastore.indexes.list","datastore.indexes.update","firebase.projects.get"]}
[info] 
[info] === Deploying to 'gen-lang-client-0384172144'...
[info] 
[info] i  deploying firestore 
[info] i  firestore: ensuring required API firestore.googleapis.com is enabled... 
[info] i  firestore: ensuring required API firestore.googleapis.com is enabled... 
[debug] [2026-05-20T14:28:38.962Z] Checked if tokens are valid: true, expires at: 1779290213807
[debug] [2026-05-20T14:28:38.962Z] Checked if tokens are valid: true, expires at: 1779290213807
[debug] [2026-05-20T14:28:38.962Z] >>> [apiv2][query] GET https://firestore.googleapis.com/v1/projects/gen-lang-client-0384172144/databases/ai-studio-7fa329ab-277a-4814-8389-2d566b4df846 [none]
[debug] [2026-05-20T14:28:39.355Z] <<< [apiv2][status] GET https://firestore.googleapis.com/v1/projects/gen-lang-client-0384172144/databases/ai-studio-7fa329ab-277a-4814-8389-2d566b4df846 200
[debug] [2026-05-20T14:28:39.356Z] <<< [apiv2][body] GET https://firestore.googleapis.com/v1/projects/gen-lang-client-0384172144/databases/ai-studio-7fa329ab-277a-4814-8389-2d566b4df846 {"name":"projects/gen-lang-client-0384172144/databases/ai-studio-7fa329ab-277a-4814-8389-2d566b4df846","uid":"a108fe59-dd67-4246-88d8-090f91140fbd","createTime":"2026-05-14T10:49:36.325964Z","updateTime":"2026-05-14T10:49:36.325964Z","locationId":"europe-west2","type":"FIRESTORE_NATIVE","concurrencyMode":"OPTIMISTIC","versionRetentionPeriod":"3600s","earliestVersionTime":"2026-05-20T13:28:39.329612Z","appEngineIntegrationMode":"DISABLED","pointInTimeRecoveryEnablement":"POINT_IN_TIME_RECOVERY_DISABLED","deleteProtectionState":"DELETE_PROTECTION_DISABLED","databaseEdition":"ENTERPRISE","freeTier":false,"realtimeUpdatesMode":"REALTIME_UPDATES_MODE_ENABLED","firestoreDataAccessMode":"DATA_ACCESS_MODE_ENABLED","mongodbCompatibleDataAccessMode":"DATA_ACCESS_MODE_DISABLED","freeTierLimited":true,"etag":"INXv/OSJyJQDMMr+u//PuJQD"}
[info] i  cloud.firestore: checking firestore.rules for compilation errors... 
[debug] [2026-05-20T14:28:39.356Z] Checked if tokens are valid: true, expires at: 1779290213807
[debug] [2026-05-20T14:28:39.356Z] Checked if tokens are valid: true, expires at: 1779290213807
[debug] [2026-05-20T14:28:39.357Z] >>> [apiv2][query] POST https://firebaserules.googleapis.com/v1/projects/gen-lang-client-0384172144:test [none]
[debug] [2026-05-20T14:28:39.357Z] >>> [apiv2][body] POST https://firebaserules.googleapis.com/v1/projects/gen-lang-client-0384172144:test [omitted]
[debug] [2026-05-20T14:28:40.247Z] <<< [apiv2][status] POST https://firebaserules.googleapis.com/v1/projects/gen-lang-client-0384172144:test 200
[debug] [2026-05-20T14:28:40.247Z] <<< [apiv2][body] POST https://firebaserules.googleapis.com/v1/projects/gen-lang-client-0384172144:test {"issues":[{"sourcePosition":{"fileName":"firestore.rules","line":11,"column":14,"currentOffset":272,"endOffset":281},"description":"Unused function: isVerified.","severity":"WARNING"},{"sourcePosition":{"fileName":"firestore.rules","line":12,"column":14,"currentOffset":478,"endOffset":492},"description":"Unused function: isEmailVerified.","severity":"WARNING"},{"sourcePosition":{"fileName":"firestore.rules","line":12,"column":57,"currentOffset":521,"endOffset":527},"description":"Invalid variable name: request.","severity":"WARNING"},{"sourcePosition":{"fileName":"firestore.rules","line":13,"column":14,"currentOffset":579,"endOffset":587},"description":"Unused function: isValidId.","severity":"WARNING"}]}
[warn] ⚠  [W] 11:14 - Unused function: isVerified. 
[warn] ⚠  [W] 12:14 - Unused function: isEmailVerified. 
[warn] ⚠  [W] 12:57 - Invalid variable name: request. 
[warn] ⚠  [W] 13:14 - Unused function: isValidId. 
[info] ✔  cloud.firestore: rules file firestore.rules compiled successfully 
[debug] [2026-05-20T14:28:40.254Z] Checked if tokens are valid: true, expires at: 1779290213807
[debug] [2026-05-20T14:28:40.254Z] Checked if tokens are valid: true, expires at: 1779290213807
[debug] [2026-05-20T14:28:40.255Z] >>> [apiv2][query] GET https://firebaserules.googleapis.com/v1/projects/gen-lang-client-0384172144/releases pageSize=10&pageToken=
[debug] [2026-05-20T14:28:40.937Z] <<< [apiv2][status] GET https://firebaserules.googleapis.com/v1/projects/gen-lang-client-0384172144/releases 200
[debug] [2026-05-20T14:28:40.939Z] <<< [apiv2][body] GET https://firebaserules.googleapis.com/v1/projects/gen-lang-client-0384172144/releases {"releases":[{"name":"projects/gen-lang-client-0384172144/releases/cloud.firestore/ai-studio-1f0f1d9d-b355-4609-8030-b0b4f850e25f","rulesetName":"projects/gen-lang-client-0384172144/rulesets/28aac675-8c81-4483-b457-de08b2df44e1","createTime":"2026-05-12T13:44:06.656074Z","updateTime":"2026-05-12T13:45:20.705404Z"},{"name":"projects/gen-lang-client-0384172144/releases/cloud.firestore/ai-studio-2ab51c58-33e1-4654-b308-31e71edd05d4","rulesetName":"projects/gen-lang-client-0384172144/rulesets/caa00250-5598-477d-8cc5-73b534bca9e0","createTime":"2026-03-13T12:56:36.967795Z","updateTime":"2026-03-13T12:56:58.770074Z"},{"name":"projects/gen-lang-client-0384172144/releases/cloud.firestore/ai-studio-3c5677aa-6553-4bcb-8537-25b590daa395","rulesetName":"projects/gen-lang-client-0384172144/rulesets/b43ed782-bd8e-48f9-a394-3bb07867407a","createTime":"2026-04-07T11:25:21.032611Z","updateTime":"2026-04-07T11:27:52.731892Z"},{"name":"projects/gen-lang-client-0384172144/releases/cloud.firestore/ai-studio-45d8dd8d-43b0-439e-a243-5348c4a6e80e","rulesetName":"projects/gen-lang-client-0384172144/rulesets/82157b7e-d0aa-4f69-9269-a1a2d5665f17","createTime":"2026-03-31T09:08:23.980989Z","updateTime":"2026-03-31T09:09:32.600806Z"},{"name":"projects/gen-lang-client-0384172144/releases/cloud.firestore/ai-studio-7fa329ab-277a-4814-8389-2d566b4df846","rulesetName":"projects/gen-lang-client-0384172144/rulesets/d53c93fd-f8e4-4cde-aca6-a6ef59c51352","createTime":"2026-05-14T10:49:35.812486Z","updateTime":"2026-05-20T14:17:12.011518Z"},{"name":"projects/gen-lang-client-0384172144/releases/cloud.firestore/ai-studio-b082b341-e4fd-43b3-b407-61892c83e5e9","rulesetName":"projects/gen-lang-client-0384172144/rulesets/530e329e-8319-4cad-b170-d5cb0a55d77c","createTime":"2026-04-30T09:50:26.814929Z","updateTime":"2026-04-30T09:53:50.524771Z"},{"name":"projects/gen-lang-client-0384172144/releases/cloud.firestore/ai-studio-e1ec35e6-9d9a-4abb-80c8-761fb68adf98","rulesetName":"projects/gen-lang-client-0384172144/rulesets/bcd7452e-3122-4bba-9f61-3a9217398c12","createTime":"2026-03-20T14:08:24.246138Z","updateTime":"2026-03-20T14:09:29.104566Z"}]}
[debug] [2026-05-20T14:28:40.967Z] Checked if tokens are valid: true, expires at: 1779290213807
[debug] [2026-05-20T14:28:40.967Z] Checked if tokens are valid: true, expires at: 1779290213807
[debug] [2026-05-20T14:28:40.967Z] >>> [apiv2][query] GET https://firebaserules.googleapis.com/v1/projects/gen-lang-client-0384172144/rulesets/d53c93fd-f8e4-4cde-aca6-a6ef59c51352 [none]
[debug] [2026-05-20T14:28:41.634Z] <<< [apiv2][status] GET https://firebaserules.googleapis.com/v1/projects/gen-lang-client-0384172144/rulesets/d53c93fd-f8e4-4cde-aca6-a6ef59c51352 200
[debug] [2026-05-20T14:28:41.635Z] <<< [apiv2][body] GET https://firebaserules.googleapis.com/v1/projects/gen-lang-client-0384172144/rulesets/d53c93fd-f8e4-4cde-aca6-a6ef59c51352 [omitted]
[info] i  firestore: latest version of firestore.rules already up to date, skipping upload... 
[info] i  firestore: deploying indexes... 
[debug] [2026-05-20T14:28:41.638Z] [rules] releasing cloud.firestore/ai-studio-7fa329ab-277a-4814-8389-2d566b4df846 with ruleset projects/gen-lang-client-0384172144/rulesets/d53c93fd-f8e4-4cde-aca6-a6ef59c51352
[debug] [2026-05-20T14:28:41.639Z] Checked if tokens are valid: true, expires at: 1779290213807
[debug] [2026-05-20T14:28:41.639Z] Checked if tokens are valid: true, expires at: 1779290213807
[debug] [2026-05-20T14:28:41.639Z] >>> [apiv2][query] PATCH https://firebaserules.googleapis.com/v1/projects/gen-lang-client-0384172144/releases/cloud.firestore/ai-studio-7fa329ab-277a-4814-8389-2d566b4df846 [none]
[debug] [2026-05-20T14:28:41.639Z] >>> [apiv2][body] PATCH https://firebaserules.googleapis.com/v1/projects/gen-lang-client-0384172144/releases/cloud.firestore/ai-studio-7fa329ab-277a-4814-8389-2d566b4df846 {"release":{"name":"projects/gen-lang-client-0384172144/releases/cloud.firestore/ai-studio-7fa329ab-277a-4814-8389-2d566b4df846","rulesetName":"projects/gen-lang-client-0384172144/rulesets/d53c93fd-f8e4-4cde-aca6-a6ef59c51352"}}
[debug] [2026-05-20T14:28:42.593Z] <<< [apiv2][status] PATCH https://firebaserules.googleapis.com/v1/projects/gen-lang-client-0384172144/releases/cloud.firestore/ai-studio-7fa329ab-277a-4814-8389-2d566b4df846 200
[debug] [2026-05-20T14:28:42.594Z] <<< [apiv2][body] PATCH https://firebaserules.googleapis.com/v1/projects/gen-lang-client-0384172144/releases/cloud.firestore/ai-studio-7fa329ab-277a-4814-8389-2d566b4df846 {"name":"projects/gen-lang-client-0384172144/releases/cloud.firestore/ai-studio-7fa329ab-277a-4814-8389-2d566b4df846","rulesetName":"projects/gen-lang-client-0384172144/rulesets/d53c93fd-f8e4-4cde-aca6-a6ef59c51352","createTime":"2026-05-14T10:49:35.812486Z","updateTime":"2026-05-20T14:28:42.501196Z"}
[debug] [2026-05-20T14:28:42.594Z] [rules] updated release projects/gen-lang-client-0384172144/releases/cloud.firestore/ai-studio-7fa329ab-277a-4814-8389-2d566b4df846
[info] ✔  firestore: released rules firestore.rules to cloud.firestore 
[info] 
[info] ✔  Deploy complete! 
[info] 
[info] Project Console: https://console.firebase.google.com/project/gen-lang-client-0384172144/overview
[debug] [2026-05-20T14:38:08.121Z] ----------------------------------------------------------------------
[debug] [2026-05-20T14:38:08.124Z] Command:       /usr/local/bin/node /home/puesto2021/.npm/_npx/7750544ccf494d8b/node_modules/.bin/firebase deploy --only firestore --project gen-lang-client-0384172144 --debug
[debug] [2026-05-20T14:38:08.124Z] CLI Version:   15.18.0
[debug] [2026-05-20T14:38:08.124Z] Platform:      linux
[debug] [2026-05-20T14:38:08.124Z] Node Version:  v20.0.0
[debug] [2026-05-20T14:38:08.124Z] Time:          Wed May 20 2026 15:38:08 GMT+0100 (hora de verano de Europa occidental)
[debug] [2026-05-20T14:38:08.124Z] ----------------------------------------------------------------------
[debug] 
[debug] [2026-05-20T14:38:09.258Z] > command requires scopes: ["email","openid","https://www.googleapis.com/auth/cloudplatformprojects.readonly","https://www.googleapis.com/auth/firebase","https://www.googleapis.com/auth/cloud-platform"]
[debug] [2026-05-20T14:38:09.259Z] > authorizing via signed-in user (bchlino6@gmail.com)
[debug] [2026-05-20T14:38:09.259Z] [iam] checking project gen-lang-client-0384172144 for permissions ["datastore.indexes.create","datastore.indexes.delete","datastore.indexes.list","datastore.indexes.update","firebase.projects.get"]
[debug] [2026-05-20T14:38:09.260Z] Checked if tokens are valid: true, expires at: 1779290213807
[debug] [2026-05-20T14:38:09.260Z] Checked if tokens are valid: true, expires at: 1779290213807
[debug] [2026-05-20T14:38:09.261Z] >>> [apiv2][query] POST https://cloudresourcemanager.googleapis.com/v1/projects/gen-lang-client-0384172144:testIamPermissions [none]
[debug] [2026-05-20T14:38:09.261Z] >>> [apiv2][(partial)header] POST https://cloudresourcemanager.googleapis.com/v1/projects/gen-lang-client-0384172144:testIamPermissions  x-goog-user-project=gen-lang-client-0384172144
[debug] [2026-05-20T14:38:09.262Z] >>> [apiv2][body] POST https://cloudresourcemanager.googleapis.com/v1/projects/gen-lang-client-0384172144:testIamPermissions {"permissions":["datastore.indexes.create","datastore.indexes.delete","datastore.indexes.list","datastore.indexes.update","firebase.projects.get"]}
[debug] [2026-05-20T14:38:10.163Z] <<< [apiv2][status] POST https://cloudresourcemanager.googleapis.com/v1/projects/gen-lang-client-0384172144:testIamPermissions 200
[debug] [2026-05-20T14:38:10.164Z] <<< [apiv2][body] POST https://cloudresourcemanager.googleapis.com/v1/projects/gen-lang-client-0384172144:testIamPermissions {"permissions":["datastore.indexes.create","datastore.indexes.delete","datastore.indexes.list","datastore.indexes.update","firebase.projects.get"]}
[info] 
[info] === Deploying to 'gen-lang-client-0384172144'...
[info] 
[info] i  deploying firestore 
[info] i  firestore: ensuring required API firestore.googleapis.com is enabled... 
[info] i  firestore: ensuring required API firestore.googleapis.com is enabled... 
[debug] [2026-05-20T14:38:10.168Z] Checked if tokens are valid: true, expires at: 1779290213807
[debug] [2026-05-20T14:38:10.169Z] Checked if tokens are valid: true, expires at: 1779290213807
[debug] [2026-05-20T14:38:10.169Z] >>> [apiv2][query] GET https://firestore.googleapis.com/v1/projects/gen-lang-client-0384172144/databases/ai-studio-7fa329ab-277a-4814-8389-2d566b4df846 [none]
[debug] [2026-05-20T14:38:10.675Z] <<< [apiv2][status] GET https://firestore.googleapis.com/v1/projects/gen-lang-client-0384172144/databases/ai-studio-7fa329ab-277a-4814-8389-2d566b4df846 200
[debug] [2026-05-20T14:38:10.676Z] <<< [apiv2][body] GET https://firestore.googleapis.com/v1/projects/gen-lang-client-0384172144/databases/ai-studio-7fa329ab-277a-4814-8389-2d566b4df846 {"name":"projects/gen-lang-client-0384172144/databases/ai-studio-7fa329ab-277a-4814-8389-2d566b4df846","uid":"a108fe59-dd67-4246-88d8-090f91140fbd","createTime":"2026-05-14T10:49:36.325964Z","updateTime":"2026-05-14T10:49:36.325964Z","locationId":"europe-west2","type":"FIRESTORE_NATIVE","concurrencyMode":"OPTIMISTIC","versionRetentionPeriod":"3600s","earliestVersionTime":"2026-05-20T13:38:10.647386Z","appEngineIntegrationMode":"DISABLED","pointInTimeRecoveryEnablement":"POINT_IN_TIME_RECOVERY_DISABLED","deleteProtectionState":"DELETE_PROTECTION_DISABLED","databaseEdition":"ENTERPRISE","freeTier":false,"realtimeUpdatesMode":"REALTIME_UPDATES_MODE_ENABLED","firestoreDataAccessMode":"DATA_ACCESS_MODE_ENABLED","mongodbCompatibleDataAccessMode":"DATA_ACCESS_MODE_DISABLED","freeTierLimited":true,"etag":"IL6rs/WLyJQDMMr+u//PuJQD"}
[info] i  cloud.firestore: checking firestore.rules for compilation errors... 
[debug] [2026-05-20T14:38:10.678Z] Checked if tokens are valid: true, expires at: 1779290213807
[debug] [2026-05-20T14:38:10.678Z] Checked if tokens are valid: true, expires at: 1779290213807
[debug] [2026-05-20T14:38:10.678Z] >>> [apiv2][query] POST https://firebaserules.googleapis.com/v1/projects/gen-lang-client-0384172144:test [none]
[debug] [2026-05-20T14:38:10.678Z] >>> [apiv2][body] POST https://firebaserules.googleapis.com/v1/projects/gen-lang-client-0384172144:test [omitted]
[debug] [2026-05-20T14:38:11.568Z] <<< [apiv2][status] POST https://firebaserules.googleapis.com/v1/projects/gen-lang-client-0384172144:test 200
[debug] [2026-05-20T14:38:11.568Z] <<< [apiv2][body] POST https://firebaserules.googleapis.com/v1/projects/gen-lang-client-0384172144:test {"issues":[{"sourcePosition":{"fileName":"firestore.rules","line":11,"column":14,"currentOffset":272,"endOffset":281},"description":"Unused function: isVerified.","severity":"WARNING"},{"sourcePosition":{"fileName":"firestore.rules","line":12,"column":14,"currentOffset":478,"endOffset":492},"description":"Unused function: isEmailVerified.","severity":"WARNING"},{"sourcePosition":{"fileName":"firestore.rules","line":12,"column":57,"currentOffset":521,"endOffset":527},"description":"Invalid variable name: request.","severity":"WARNING"},{"sourcePosition":{"fileName":"firestore.rules","line":13,"column":14,"currentOffset":579,"endOffset":587},"description":"Unused function: isValidId.","severity":"WARNING"}]}
[warn] ⚠  [W] 11:14 - Unused function: isVerified. 
[warn] ⚠  [W] 12:14 - Unused function: isEmailVerified. 
[warn] ⚠  [W] 12:57 - Invalid variable name: request. 
[warn] ⚠  [W] 13:14 - Unused function: isValidId. 
[info] ✔  cloud.firestore: rules file firestore.rules compiled successfully 
[debug] [2026-05-20T14:38:11.573Z] Checked if tokens are valid: true, expires at: 1779290213807
[debug] [2026-05-20T14:38:11.575Z] Checked if tokens are valid: true, expires at: 1779290213807
[debug] [2026-05-20T14:38:11.576Z] >>> [apiv2][query] GET https://firebaserules.googleapis.com/v1/projects/gen-lang-client-0384172144/releases pageSize=10&pageToken=
[debug] [2026-05-20T14:38:12.276Z] <<< [apiv2][status] GET https://firebaserules.googleapis.com/v1/projects/gen-lang-client-0384172144/releases 200
[debug] [2026-05-20T14:38:12.277Z] <<< [apiv2][body] GET https://firebaserules.googleapis.com/v1/projects/gen-lang-client-0384172144/releases {"releases":[{"name":"projects/gen-lang-client-0384172144/releases/cloud.firestore/ai-studio-1f0f1d9d-b355-4609-8030-b0b4f850e25f","rulesetName":"projects/gen-lang-client-0384172144/rulesets/28aac675-8c81-4483-b457-de08b2df44e1","createTime":"2026-05-12T13:44:06.656074Z","updateTime":"2026-05-12T13:45:20.705404Z"},{"name":"projects/gen-lang-client-0384172144/releases/cloud.firestore/ai-studio-2ab51c58-33e1-4654-b308-31e71edd05d4","rulesetName":"projects/gen-lang-client-0384172144/rulesets/caa00250-5598-477d-8cc5-73b534bca9e0","createTime":"2026-03-13T12:56:36.967795Z","updateTime":"2026-03-13T12:56:58.770074Z"},{"name":"projects/gen-lang-client-0384172144/releases/cloud.firestore/ai-studio-3c5677aa-6553-4bcb-8537-25b590daa395","rulesetName":"projects/gen-lang-client-0384172144/rulesets/b43ed782-bd8e-48f9-a394-3bb07867407a","createTime":"2026-04-07T11:25:21.032611Z","updateTime":"2026-04-07T11:27:52.731892Z"},{"name":"projects/gen-lang-client-0384172144/releases/cloud.firestore/ai-studio-45d8dd8d-43b0-439e-a243-5348c4a6e80e","rulesetName":"projects/gen-lang-client-0384172144/rulesets/82157b7e-d0aa-4f69-9269-a1a2d5665f17","createTime":"2026-03-31T09:08:23.980989Z","updateTime":"2026-03-31T09:09:32.600806Z"},{"name":"projects/gen-lang-client-0384172144/releases/cloud.firestore/ai-studio-7fa329ab-277a-4814-8389-2d566b4df846","rulesetName":"projects/gen-lang-client-0384172144/rulesets/d53c93fd-f8e4-4cde-aca6-a6ef59c51352","createTime":"2026-05-14T10:49:35.812486Z","updateTime":"2026-05-20T14:28:42.501196Z"},{"name":"projects/gen-lang-client-0384172144/releases/cloud.firestore/ai-studio-b082b341-e4fd-43b3-b407-61892c83e5e9","rulesetName":"projects/gen-lang-client-0384172144/rulesets/530e329e-8319-4cad-b170-d5cb0a55d77c","createTime":"2026-04-30T09:50:26.814929Z","updateTime":"2026-04-30T09:53:50.524771Z"},{"name":"projects/gen-lang-client-0384172144/releases/cloud.firestore/ai-studio-e1ec35e6-9d9a-4abb-80c8-761fb68adf98","rulesetName":"projects/gen-lang-client-0384172144/rulesets/bcd7452e-3122-4bba-9f61-3a9217398c12","createTime":"2026-03-20T14:08:24.246138Z","updateTime":"2026-03-20T14:09:29.104566Z"}]}
[debug] [2026-05-20T14:38:12.319Z] Checked if tokens are valid: true, expires at: 1779290213807
[debug] [2026-05-20T14:38:12.320Z] Checked if tokens are valid: true, expires at: 1779290213807
[debug] [2026-05-20T14:38:12.320Z] >>> [apiv2][query] GET https://firebaserules.googleapis.com/v1/projects/gen-lang-client-0384172144/rulesets/d53c93fd-f8e4-4cde-aca6-a6ef59c51352 [none]
[debug] [2026-05-20T14:38:12.540Z] <<< [apiv2][status] GET https://firebaserules.googleapis.com/v1/projects/gen-lang-client-0384172144/rulesets/d53c93fd-f8e4-4cde-aca6-a6ef59c51352 200
[debug] [2026-05-20T14:38:12.541Z] <<< [apiv2][body] GET https://firebaserules.googleapis.com/v1/projects/gen-lang-client-0384172144/rulesets/d53c93fd-f8e4-4cde-aca6-a6ef59c51352 [omitted]
[info] i  firestore: latest version of firestore.rules already up to date, skipping upload... 
[info] i  firestore: deploying indexes... 
[debug] [2026-05-20T14:38:12.542Z] [rules] releasing cloud.firestore/ai-studio-7fa329ab-277a-4814-8389-2d566b4df846 with ruleset projects/gen-lang-client-0384172144/rulesets/d53c93fd-f8e4-4cde-aca6-a6ef59c51352
[debug] [2026-05-20T14:38:12.542Z] Checked if tokens are valid: true, expires at: 1779290213807
[debug] [2026-05-20T14:38:12.542Z] Checked if tokens are valid: true, expires at: 1779290213807
[debug] [2026-05-20T14:38:12.543Z] >>> [apiv2][query] PATCH https://firebaserules.googleapis.com/v1/projects/gen-lang-client-0384172144/releases/cloud.firestore/ai-studio-7fa329ab-277a-4814-8389-2d566b4df846 [none]
[debug] [2026-05-20T14:38:12.543Z] >>> [apiv2][body] PATCH https://firebaserules.googleapis.com/v1/projects/gen-lang-client-0384172144/releases/cloud.firestore/ai-studio-7fa329ab-277a-4814-8389-2d566b4df846 {"release":{"name":"projects/gen-lang-client-0384172144/releases/cloud.firestore/ai-studio-7fa329ab-277a-4814-8389-2d566b4df846","rulesetName":"projects/gen-lang-client-0384172144/rulesets/d53c93fd-f8e4-4cde-aca6-a6ef59c51352"}}
[debug] [2026-05-20T14:38:13.426Z] <<< [apiv2][status] PATCH https://firebaserules.googleapis.com/v1/projects/gen-lang-client-0384172144/releases/cloud.firestore/ai-studio-7fa329ab-277a-4814-8389-2d566b4df846 200
[debug] [2026-05-20T14:38:13.426Z] <<< [apiv2][body] PATCH https://firebaserules.googleapis.com/v1/projects/gen-lang-client-0384172144/releases/cloud.firestore/ai-studio-7fa329ab-277a-4814-8389-2d566b4df846 {"name":"projects/gen-lang-client-0384172144/releases/cloud.firestore/ai-studio-7fa329ab-277a-4814-8389-2d566b4df846","rulesetName":"projects/gen-lang-client-0384172144/rulesets/d53c93fd-f8e4-4cde-aca6-a6ef59c51352","createTime":"2026-05-14T10:49:35.812486Z","updateTime":"2026-05-20T14:38:13.331817Z"}
[debug] [2026-05-20T14:38:13.426Z] [rules] updated release projects/gen-lang-client-0384172144/releases/cloud.firestore/ai-studio-7fa329ab-277a-4814-8389-2d566b4df846
[info] ✔  firestore: released rules firestore.rules to cloud.firestore 
[info] 
[info] ✔  Deploy complete! 
[info] 
[info] Project Console: https://console.firebase.google.com/project/gen-lang-client-0384172144/overview
